// Jest Snapshot v1, https://goo.gl/fbAQLP

exports[`<Grid /> rendering renders correctly 1`] = `
<Fragment>
  <styled.div>
    <div
      key="++-++0"
    >
      <styled.input
        data-testid="disabledInput"
        disabled={true}
        key="0"
        type="text"
      />
      <styled.input
        data-testid="disabledInput"
        disabled={true}
        key="1"
        type="text"
      />
      <styled.span
        key="2"
      >
        <styled.input
          data-testid="availableInput"
          maxLength={1}
          name="x0x2"
          onChange={[Function]}
          type="text"
          value=""
        />
      </styled.span>
      <styled.input
        data-testid="disabledInput"
        disabled={true}
        key="3"
        type="text"
      />
      <styled.input
        data-testid="disabledInput"
        disabled={true}
        key="4"
        type="text"
      />
    </div>
    <div
      key="+-+++1"
    >
      <styled.input
        data-testid="disabledInput"
        disabled={true}
        key="1"
        type="text"
      />
      <styled.span
        key="2"
      >
        <styled.input
          data-testid="availableInput"
          maxLength={1}
          name="x1x1"
          onChange={[Function]}
          type="text"
          value=""
        />
      </styled.span>
      <styled.input
        data-testid="disabledInput"
        disabled={true}
        key="3"
        type="text"
      />
      <styled.input
        data-testid="disabledInput"
        disabled={true}
        key="4"
        type="text"
      />
      <styled.input
        data-testid="disabledInput"
        disabled={true}
        key="5"
        type="text"
      />
    </div>
    <div
      key="---++2"
    >
      <styled.span
        key="2"
      >
        <styled.input
          data-testid="availableInput"
          maxLength={1}
          name="x2x0"
          onChange={[Function]}
          type="text"
          value=""
        />
      </styled.span>
      <styled.span
        key="3"
      >
        <styled.input
          data-testid="availableInput"
          maxLength={1}
          name="x2x1"
          onChange={[Function]}
          type="text"
          value=""
        />
      </styled.span>
      <styled.span
        key="4"
      >
        <styled.input
          data-testid="availableInput"
          maxLength={1}
          name="x2x2"
          onChange={[Function]}
          type="text"
          value=""
        />
      </styled.span>
      <styled.input
        data-testid="disabledInput"
        disabled={true}
        key="5"
        type="text"
      />
      <styled.input
        data-testid="disabledInput"
        disabled={true}
        key="6"
        type="text"
      />
    </div>
    <div
      key="-+++-3"
    >
      <styled.span
        key="3"
      >
        <styled.input
          data-testid="availableInput"
          maxLength={1}
          name="x3x0"
          onChange={[Function]}
          type="text"
          value=""
        />
      </styled.span>
      <styled.input
        data-testid="disabledInput"
        disabled={true}
        key="4"
        type="text"
      />
      <styled.input
        data-testid="disabledInput"
        disabled={true}
        key="5"
        type="text"
      />
      <styled.input
        data-testid="disabledInput"
        disabled={true}
        key="6"
        type="text"
      />
      <styled.span
        key="7"
      >
        <styled.input
          data-testid="availableInput"
          maxLength={1}
          name="x3x4"
          onChange={[Function]}
          type="text"
          value=""
        />
      </styled.span>
    </div>
    <div
      key="--++-4"
    >
      <styled.span
        key="4"
      >
        <styled.input
          data-testid="availableInput"
          maxLength={1}
          name="x4x0"
          onChange={[Function]}
          type="text"
          value=""
        />
      </styled.span>
      <styled.span
        key="5"
      >
        <styled.input
          data-testid="availableInput"
          maxLength={1}
          name="x4x1"
          onChange={[Function]}
          type="text"
          value=""
        />
      </styled.span>
      <styled.input
        data-testid="disabledInput"
        disabled={true}
        key="6"
        type="text"
      />
      <styled.input
        data-testid="disabledInput"
        disabled={true}
        key="7"
        type="text"
      />
      <styled.span
        key="8"
      >
        <styled.input
          data-testid="availableInput"
          maxLength={1}
          name="x4x4"
          onChange={[Function]}
          type="text"
          value=""
        />
      </styled.span>
    </div>
  </styled.div>
  <styled.div>
    <button
      onClick={[Function]}
    >
      Validate
    </button>
    <button
      onClick={[Function]}
    >
      Show Correct Answers
    </button>
    <button
      onClick={[Function]}
    >
      Try Again
    </button>
  </styled.div>
</Fragment>
`;
